map 366
1 (HOLDS (AT (PACKAGE 2) (PLACE 1)) 6)
2 (HOLDS (AT (PACKAGE 3) (PLACE 2)) 6)
3 (HOLDS (AT (PACKAGE 1) (PLACE 2)) 6)
4 (HOLDS (AT (TRUCK 2) (PLACE 3)) 1)
5 (HOLDS (IN (PACKAGE 3) (TRUCK 2)) 1)
6 (HOLDS (IN (PACKAGE 2) (TRUCK 2)) 1)
7 (HOLDS (IN (PACKAGE 1) (TRUCK 2)) 1)
8 (HOLDS (AT (TRUCK 2) (PLACE 1)) 1)
9 (HOLDS (AT (PACKAGE 2) (PLACE 3)) 1)
10 (HOLDS (AT (PACKAGE 1) (PLACE 3)) 1)
11 (HOLDS (AT (TRUCK 1) (PLACE 3)) 1)
12 (HOLDS (AT (PACKAGE 3) (PLACE 2)) 1)
13 (HOLDS (AT (PACKAGE 1) (PLACE 2)) 1)
14 (HOLDS (AT (TRUCK 1) (PLACE 2)) 1)
15 (HOLDS (IN (PACKAGE 3) (TRUCK 1)) 1)
16 (HOLDS (AT (PACKAGE 3) (PLACE 1)) 1)
17 (HOLDS (IN (PACKAGE 2) (TRUCK 1)) 1)
18 (HOLDS (AT (PACKAGE 2) (PLACE 1)) 1)
19 (HOLDS (IN (PACKAGE 1) (TRUCK 1)) 1)
20 (HOLDS (AT (TRUCK 2) (PLACE 2)) 1)
21 (HOLDS (AT (TRUCK 1) (PLACE 1)) 1)
22 (HOLDS (AT (PACKAGE 3) (PLACE 3)) 1)
23 (HOLDS (AT (PACKAGE 2) (PLACE 2)) 1)
24 (HOLDS (AT (PACKAGE 1) (PLACE 1)) 1)
25 (HOLDS (AT (TRUCK 1) (PLACE 1)) 5)
26 (HOLDS (AT (TRUCK 1) (PLACE 1)) 6)
27 (OCCURS (DRIVE (TRUCK 1) (PLACE 3) (PLACE 1)) 5)
28 (OCCURS (DRIVE (TRUCK 1) (PLACE 2) (PLACE 1)) 5)
29 (HOLDS (AT (PACKAGE 1) (PLACE 1)) 5)
30 (HOLDS (AT (PACKAGE 1) (PLACE 1)) 6)
31 (OCCURS (UNLOAD (PACKAGE 1) (TRUCK 2) (PLACE 1)) 5)
32 (OCCURS (UNLOAD (PACKAGE 1) (TRUCK 1) (PLACE 1)) 5)
33 (HOLDS (IN (PACKAGE 1) (TRUCK 1)) 5)
34 (HOLDS (IN (PACKAGE 1) (TRUCK 1)) 6)
35 (OCCURS (LOAD (PACKAGE 1) (TRUCK 1) (PLACE 3)) 5)
36 (OCCURS (LOAD (PACKAGE 1) (TRUCK 1) (PLACE 2)) 5)
37 (OCCURS (LOAD (PACKAGE 1) (TRUCK 1) (PLACE 1)) 5)
38 (HOLDS (AT (PACKAGE 2) (PLACE 1)) 5)
39 (OCCURS (UNLOAD (PACKAGE 2) (TRUCK 2) (PLACE 1)) 5)
40 (OCCURS (UNLOAD (PACKAGE 2) (TRUCK 1) (PLACE 1)) 5)
41 (HOLDS (IN (PACKAGE 2) (TRUCK 1)) 5)
42 (HOLDS (IN (PACKAGE 2) (TRUCK 1)) 6)
43 (OCCURS (LOAD (PACKAGE 2) (TRUCK 1) (PLACE 3)) 5)
44 (OCCURS (LOAD (PACKAGE 2) (TRUCK 1) (PLACE 2)) 5)
45 (OCCURS (LOAD (PACKAGE 2) (TRUCK 1) (PLACE 1)) 5)
46 (HOLDS (AT (PACKAGE 3) (PLACE 1)) 5)
47 (HOLDS (AT (PACKAGE 3) (PLACE 1)) 6)
48 (OCCURS (UNLOAD (PACKAGE 3) (TRUCK 2) (PLACE 1)) 5)
49 (OCCURS (UNLOAD (PACKAGE 3) (TRUCK 1) (PLACE 1)) 5)
50 (HOLDS (IN (PACKAGE 3) (TRUCK 1)) 5)
51 (HOLDS (IN (PACKAGE 3) (TRUCK 1)) 6)
52 (OCCURS (LOAD (PACKAGE 3) (TRUCK 1) (PLACE 3)) 5)
53 (OCCURS (LOAD (PACKAGE 3) (TRUCK 1) (PLACE 2)) 5)
54 (OCCURS (LOAD (PACKAGE 3) (TRUCK 1) (PLACE 1)) 5)
55 (HOLDS (AT (TRUCK 1) (PLACE 2)) 5)
56 (HOLDS (AT (TRUCK 1) (PLACE 2)) 6)
57 (OCCURS (DRIVE (TRUCK 1) (PLACE 3) (PLACE 2)) 5)
58 (OCCURS (DRIVE (TRUCK 1) (PLACE 1) (PLACE 2)) 5)
59 (HOLDS (AT (PACKAGE 1) (PLACE 2)) 5)
60 (OCCURS (UNLOAD (PACKAGE 1) (TRUCK 2) (PLACE 2)) 5)
61 (OCCURS (UNLOAD (PACKAGE 1) (TRUCK 1) (PLACE 2)) 5)
62 (HOLDS (AT (PACKAGE 2) (PLACE 2)) 5)
63 (HOLDS (AT (PACKAGE 2) (PLACE 2)) 6)
64 (OCCURS (UNLOAD (PACKAGE 2) (TRUCK 2) (PLACE 2)) 5)
65 (OCCURS (UNLOAD (PACKAGE 2) (TRUCK 1) (PLACE 2)) 5)
66 (HOLDS (AT (PACKAGE 3) (PLACE 2)) 5)
67 (OCCURS (UNLOAD (PACKAGE 3) (TRUCK 2) (PLACE 2)) 5)
68 (OCCURS (UNLOAD (PACKAGE 3) (TRUCK 1) (PLACE 2)) 5)
69 (HOLDS (AT (TRUCK 1) (PLACE 3)) 5)
70 (HOLDS (AT (TRUCK 1) (PLACE 3)) 6)
71 (OCCURS (DRIVE (TRUCK 1) (PLACE 2) (PLACE 3)) 5)
72 (OCCURS (DRIVE (TRUCK 1) (PLACE 1) (PLACE 3)) 5)
73 (HOLDS (AT (PACKAGE 1) (PLACE 3)) 5)
74 (HOLDS (AT (PACKAGE 1) (PLACE 3)) 6)
75 (OCCURS (UNLOAD (PACKAGE 1) (TRUCK 2) (PLACE 3)) 5)
76 (OCCURS (UNLOAD (PACKAGE 1) (TRUCK 1) (PLACE 3)) 5)
77 (HOLDS (AT (PACKAGE 2) (PLACE 3)) 5)
78 (HOLDS (AT (PACKAGE 2) (PLACE 3)) 6)
79 (OCCURS (UNLOAD (PACKAGE 2) (TRUCK 2) (PLACE 3)) 5)
80 (OCCURS (UNLOAD (PACKAGE 2) (TRUCK 1) (PLACE 3)) 5)
81 (HOLDS (AT (PACKAGE 3) (PLACE 3)) 5)
82 (HOLDS (AT (PACKAGE 3) (PLACE 3)) 6)
83 (OCCURS (UNLOAD (PACKAGE 3) (TRUCK 2) (PLACE 3)) 5)
84 (OCCURS (UNLOAD (PACKAGE 3) (TRUCK 1) (PLACE 3)) 5)
85 (HOLDS (AT (TRUCK 2) (PLACE 1)) 5)
86 (HOLDS (AT (TRUCK 2) (PLACE 1)) 6)
87 (OCCURS (DRIVE (TRUCK 2) (PLACE 3) (PLACE 1)) 5)
88 (OCCURS (DRIVE (TRUCK 2) (PLACE 2) (PLACE 1)) 5)
89 (HOLDS (IN (PACKAGE 1) (TRUCK 2)) 5)
90 (HOLDS (IN (PACKAGE 1) (TRUCK 2)) 6)
91 (OCCURS (LOAD (PACKAGE 1) (TRUCK 2) (PLACE 3)) 5)
92 (OCCURS (LOAD (PACKAGE 1) (TRUCK 2) (PLACE 2)) 5)
93 (OCCURS (LOAD (PACKAGE 1) (TRUCK 2) (PLACE 1)) 5)
94 (HOLDS (IN (PACKAGE 2) (TRUCK 2)) 5)
95 (HOLDS (IN (PACKAGE 2) (TRUCK 2)) 6)
96 (OCCURS (LOAD (PACKAGE 2) (TRUCK 2) (PLACE 3)) 5)
97 (OCCURS (LOAD (PACKAGE 2) (TRUCK 2) (PLACE 2)) 5)
98 (OCCURS (LOAD (PACKAGE 2) (TRUCK 2) (PLACE 1)) 5)
99 (HOLDS (IN (PACKAGE 3) (TRUCK 2)) 5)
100 (HOLDS (IN (PACKAGE 3) (TRUCK 2)) 6)
101 (OCCURS (LOAD (PACKAGE 3) (TRUCK 2) (PLACE 3)) 5)
102 (OCCURS (LOAD (PACKAGE 3) (TRUCK 2) (PLACE 2)) 5)
103 (OCCURS (LOAD (PACKAGE 3) (TRUCK 2) (PLACE 1)) 5)
104 (HOLDS (AT (TRUCK 2) (PLACE 2)) 5)
105 (HOLDS (AT (TRUCK 2) (PLACE 2)) 6)
106 (OCCURS (DRIVE (TRUCK 2) (PLACE 3) (PLACE 2)) 5)
107 (OCCURS (DRIVE (TRUCK 2) (PLACE 1) (PLACE 2)) 5)
108 (HOLDS (AT (TRUCK 2) (PLACE 3)) 5)
109 (HOLDS (AT (TRUCK 2) (PLACE 3)) 6)
110 (OCCURS (DRIVE (TRUCK 2) (PLACE 2) (PLACE 3)) 5)
111 (OCCURS (DRIVE (TRUCK 2) (PLACE 1) (PLACE 3)) 5)
112 (HOLDS (AT (TRUCK 1) (PLACE 1)) 4)
113 (OCCURS (DRIVE (TRUCK 1) (PLACE 3) (PLACE 1)) 4)
114 (OCCURS (DRIVE (TRUCK 1) (PLACE 2) (PLACE 1)) 4)
115 (HOLDS (AT (PACKAGE 1) (PLACE 1)) 4)
116 (OCCURS (UNLOAD (PACKAGE 1) (TRUCK 2) (PLACE 1)) 4)
117 (OCCURS (UNLOAD (PACKAGE 1) (TRUCK 1) (PLACE 1)) 4)
118 (HOLDS (IN (PACKAGE 1) (TRUCK 1)) 4)
119 (OCCURS (LOAD (PACKAGE 1) (TRUCK 1) (PLACE 3)) 4)
120 (OCCURS (LOAD (PACKAGE 1) (TRUCK 1) (PLACE 2)) 4)
121 (OCCURS (LOAD (PACKAGE 1) (TRUCK 1) (PLACE 1)) 4)
122 (HOLDS (AT (PACKAGE 2) (PLACE 1)) 4)
123 (OCCURS (UNLOAD (PACKAGE 2) (TRUCK 2) (PLACE 1)) 4)
124 (OCCURS (UNLOAD (PACKAGE 2) (TRUCK 1) (PLACE 1)) 4)
125 (HOLDS (IN (PACKAGE 2) (TRUCK 1)) 4)
126 (OCCURS (LOAD (PACKAGE 2) (TRUCK 1) (PLACE 3)) 4)
127 (OCCURS (LOAD (PACKAGE 2) (TRUCK 1) (PLACE 2)) 4)
128 (OCCURS (LOAD (PACKAGE 2) (TRUCK 1) (PLACE 1)) 4)
129 (HOLDS (AT (PACKAGE 3) (PLACE 1)) 4)
130 (OCCURS (UNLOAD (PACKAGE 3) (TRUCK 2) (PLACE 1)) 4)
131 (OCCURS (UNLOAD (PACKAGE 3) (TRUCK 1) (PLACE 1)) 4)
132 (HOLDS (IN (PACKAGE 3) (TRUCK 1)) 4)
133 (OCCURS (LOAD (PACKAGE 3) (TRUCK 1) (PLACE 3)) 4)
134 (OCCURS (LOAD (PACKAGE 3) (TRUCK 1) (PLACE 2)) 4)
135 (OCCURS (LOAD (PACKAGE 3) (TRUCK 1) (PLACE 1)) 4)
136 (HOLDS (AT (TRUCK 1) (PLACE 2)) 4)
137 (OCCURS (DRIVE (TRUCK 1) (PLACE 3) (PLACE 2)) 4)
138 (OCCURS (DRIVE (TRUCK 1) (PLACE 1) (PLACE 2)) 4)
139 (HOLDS (AT (PACKAGE 1) (PLACE 2)) 4)
140 (OCCURS (UNLOAD (PACKAGE 1) (TRUCK 2) (PLACE 2)) 4)
141 (OCCURS (UNLOAD (PACKAGE 1) (TRUCK 1) (PLACE 2)) 4)
142 (HOLDS (AT (PACKAGE 2) (PLACE 2)) 4)
143 (OCCURS (UNLOAD (PACKAGE 2) (TRUCK 2) (PLACE 2)) 4)
144 (OCCURS (UNLOAD (PACKAGE 2) (TRUCK 1) (PLACE 2)) 4)
145 (HOLDS (AT (PACKAGE 3) (PLACE 2)) 4)
146 (OCCURS (UNLOAD (PACKAGE 3) (TRUCK 2) (PLACE 2)) 4)
147 (OCCURS (UNLOAD (PACKAGE 3) (TRUCK 1) (PLACE 2)) 4)
148 (HOLDS (AT (TRUCK 1) (PLACE 3)) 4)
149 (OCCURS (DRIVE (TRUCK 1) (PLACE 2) (PLACE 3)) 4)
150 (OCCURS (DRIVE (TRUCK 1) (PLACE 1) (PLACE 3)) 4)
151 (HOLDS (AT (PACKAGE 1) (PLACE 3)) 4)
152 (OCCURS (UNLOAD (PACKAGE 1) (TRUCK 2) (PLACE 3)) 4)
153 (OCCURS (UNLOAD (PACKAGE 1) (TRUCK 1) (PLACE 3)) 4)
154 (HOLDS (AT (PACKAGE 2) (PLACE 3)) 4)
155 (OCCURS (UNLOAD (PACKAGE 2) (TRUCK 2) (PLACE 3)) 4)
156 (OCCURS (UNLOAD (PACKAGE 2) (TRUCK 1) (PLACE 3)) 4)
157 (HOLDS (AT (PACKAGE 3) (PLACE 3)) 4)
158 (OCCURS (UNLOAD (PACKAGE 3) (TRUCK 2) (PLACE 3)) 4)
159 (OCCURS (UNLOAD (PACKAGE 3) (TRUCK 1) (PLACE 3)) 4)
160 (HOLDS (AT (TRUCK 2) (PLACE 1)) 4)
161 (OCCURS (DRIVE (TRUCK 2) (PLACE 3) (PLACE 1)) 4)
162 (OCCURS (DRIVE (TRUCK 2) (PLACE 2) (PLACE 1)) 4)
163 (HOLDS (IN (PACKAGE 1) (TRUCK 2)) 4)
164 (OCCURS (LOAD (PACKAGE 1) (TRUCK 2) (PLACE 3)) 4)
165 (OCCURS (LOAD (PACKAGE 1) (TRUCK 2) (PLACE 2)) 4)
166 (OCCURS (LOAD (PACKAGE 1) (TRUCK 2) (PLACE 1)) 4)
167 (HOLDS (IN (PACKAGE 2) (TRUCK 2)) 4)
168 (OCCURS (LOAD (PACKAGE 2) (TRUCK 2) (PLACE 3)) 4)
169 (OCCURS (LOAD (PACKAGE 2) (TRUCK 2) (PLACE 2)) 4)
170 (OCCURS (LOAD (PACKAGE 2) (TRUCK 2) (PLACE 1)) 4)
171 (HOLDS (IN (PACKAGE 3) (TRUCK 2)) 4)
172 (OCCURS (LOAD (PACKAGE 3) (TRUCK 2) (PLACE 3)) 4)
173 (OCCURS (LOAD (PACKAGE 3) (TRUCK 2) (PLACE 2)) 4)
174 (OCCURS (LOAD (PACKAGE 3) (TRUCK 2) (PLACE 1)) 4)
175 (HOLDS (AT (TRUCK 2) (PLACE 2)) 4)
176 (OCCURS (DRIVE (TRUCK 2) (PLACE 3) (PLACE 2)) 4)
177 (OCCURS (DRIVE (TRUCK 2) (PLACE 1) (PLACE 2)) 4)
178 (HOLDS (AT (TRUCK 2) (PLACE 3)) 4)
179 (OCCURS (DRIVE (TRUCK 2) (PLACE 2) (PLACE 3)) 4)
180 (OCCURS (DRIVE (TRUCK 2) (PLACE 1) (PLACE 3)) 4)
181 (HOLDS (AT (TRUCK 1) (PLACE 1)) 3)
182 (OCCURS (DRIVE (TRUCK 1) (PLACE 3) (PLACE 1)) 3)
183 (OCCURS (DRIVE (TRUCK 1) (PLACE 2) (PLACE 1)) 3)
184 (HOLDS (AT (PACKAGE 1) (PLACE 1)) 3)
185 (OCCURS (UNLOAD (PACKAGE 1) (TRUCK 2) (PLACE 1)) 3)
186 (OCCURS (UNLOAD (PACKAGE 1) (TRUCK 1) (PLACE 1)) 3)
187 (HOLDS (IN (PACKAGE 1) (TRUCK 1)) 3)
188 (OCCURS (LOAD (PACKAGE 1) (TRUCK 1) (PLACE 3)) 3)
189 (OCCURS (LOAD (PACKAGE 1) (TRUCK 1) (PLACE 2)) 3)
190 (OCCURS (LOAD (PACKAGE 1) (TRUCK 1) (PLACE 1)) 3)
191 (HOLDS (AT (PACKAGE 2) (PLACE 1)) 3)
192 (OCCURS (UNLOAD (PACKAGE 2) (TRUCK 2) (PLACE 1)) 3)
193 (OCCURS (UNLOAD (PACKAGE 2) (TRUCK 1) (PLACE 1)) 3)
194 (HOLDS (IN (PACKAGE 2) (TRUCK 1)) 3)
195 (OCCURS (LOAD (PACKAGE 2) (TRUCK 1) (PLACE 3)) 3)
196 (OCCURS (LOAD (PACKAGE 2) (TRUCK 1) (PLACE 2)) 3)
197 (OCCURS (LOAD (PACKAGE 2) (TRUCK 1) (PLACE 1)) 3)
198 (HOLDS (AT (PACKAGE 3) (PLACE 1)) 3)
199 (OCCURS (UNLOAD (PACKAGE 3) (TRUCK 2) (PLACE 1)) 3)
200 (OCCURS (UNLOAD (PACKAGE 3) (TRUCK 1) (PLACE 1)) 3)
201 (HOLDS (IN (PACKAGE 3) (TRUCK 1)) 3)
202 (OCCURS (LOAD (PACKAGE 3) (TRUCK 1) (PLACE 3)) 3)
203 (OCCURS (LOAD (PACKAGE 3) (TRUCK 1) (PLACE 2)) 3)
204 (OCCURS (LOAD (PACKAGE 3) (TRUCK 1) (PLACE 1)) 3)
205 (HOLDS (AT (TRUCK 1) (PLACE 2)) 3)
206 (OCCURS (DRIVE (TRUCK 1) (PLACE 3) (PLACE 2)) 3)
207 (OCCURS (DRIVE (TRUCK 1) (PLACE 1) (PLACE 2)) 3)
208 (HOLDS (AT (PACKAGE 1) (PLACE 2)) 3)
209 (OCCURS (UNLOAD (PACKAGE 1) (TRUCK 2) (PLACE 2)) 3)
210 (OCCURS (UNLOAD (PACKAGE 1) (TRUCK 1) (PLACE 2)) 3)
211 (HOLDS (AT (PACKAGE 2) (PLACE 2)) 3)
212 (OCCURS (UNLOAD (PACKAGE 2) (TRUCK 2) (PLACE 2)) 3)
213 (OCCURS (UNLOAD (PACKAGE 2) (TRUCK 1) (PLACE 2)) 3)
214 (HOLDS (AT (PACKAGE 3) (PLACE 2)) 3)
215 (OCCURS (UNLOAD (PACKAGE 3) (TRUCK 2) (PLACE 2)) 3)
216 (OCCURS (UNLOAD (PACKAGE 3) (TRUCK 1) (PLACE 2)) 3)
217 (HOLDS (AT (TRUCK 1) (PLACE 3)) 3)
218 (OCCURS (DRIVE (TRUCK 1) (PLACE 2) (PLACE 3)) 3)
219 (OCCURS (DRIVE (TRUCK 1) (PLACE 1) (PLACE 3)) 3)
220 (HOLDS (AT (PACKAGE 1) (PLACE 3)) 3)
221 (OCCURS (UNLOAD (PACKAGE 1) (TRUCK 2) (PLACE 3)) 3)
222 (OCCURS (UNLOAD (PACKAGE 1) (TRUCK 1) (PLACE 3)) 3)
223 (HOLDS (AT (PACKAGE 2) (PLACE 3)) 3)
224 (OCCURS (UNLOAD (PACKAGE 2) (TRUCK 2) (PLACE 3)) 3)
225 (OCCURS (UNLOAD (PACKAGE 2) (TRUCK 1) (PLACE 3)) 3)
226 (HOLDS (AT (PACKAGE 3) (PLACE 3)) 3)
227 (OCCURS (UNLOAD (PACKAGE 3) (TRUCK 2) (PLACE 3)) 3)
228 (OCCURS (UNLOAD (PACKAGE 3) (TRUCK 1) (PLACE 3)) 3)
229 (HOLDS (AT (TRUCK 2) (PLACE 1)) 3)
230 (OCCURS (DRIVE (TRUCK 2) (PLACE 3) (PLACE 1)) 3)
231 (OCCURS (DRIVE (TRUCK 2) (PLACE 2) (PLACE 1)) 3)
232 (HOLDS (IN (PACKAGE 1) (TRUCK 2)) 3)
233 (OCCURS (LOAD (PACKAGE 1) (TRUCK 2) (PLACE 3)) 3)
234 (OCCURS (LOAD (PACKAGE 1) (TRUCK 2) (PLACE 2)) 3)
235 (OCCURS (LOAD (PACKAGE 1) (TRUCK 2) (PLACE 1)) 3)
236 (HOLDS (IN (PACKAGE 2) (TRUCK 2)) 3)
237 (OCCURS (LOAD (PACKAGE 2) (TRUCK 2) (PLACE 3)) 3)
238 (OCCURS (LOAD (PACKAGE 2) (TRUCK 2) (PLACE 2)) 3)
239 (OCCURS (LOAD (PACKAGE 2) (TRUCK 2) (PLACE 1)) 3)
240 (HOLDS (IN (PACKAGE 3) (TRUCK 2)) 3)
241 (OCCURS (LOAD (PACKAGE 3) (TRUCK 2) (PLACE 3)) 3)
242 (OCCURS (LOAD (PACKAGE 3) (TRUCK 2) (PLACE 2)) 3)
243 (OCCURS (LOAD (PACKAGE 3) (TRUCK 2) (PLACE 1)) 3)
244 (HOLDS (AT (TRUCK 2) (PLACE 2)) 3)
245 (OCCURS (DRIVE (TRUCK 2) (PLACE 3) (PLACE 2)) 3)
246 (OCCURS (DRIVE (TRUCK 2) (PLACE 1) (PLACE 2)) 3)
247 (HOLDS (AT (TRUCK 2) (PLACE 3)) 3)
248 (OCCURS (DRIVE (TRUCK 2) (PLACE 2) (PLACE 3)) 3)
249 (OCCURS (DRIVE (TRUCK 2) (PLACE 1) (PLACE 3)) 3)
250 (HOLDS (AT (TRUCK 1) (PLACE 1)) 2)
251 (OCCURS (DRIVE (TRUCK 1) (PLACE 3) (PLACE 1)) 2)
252 (OCCURS (DRIVE (TRUCK 1) (PLACE 2) (PLACE 1)) 2)
253 (HOLDS (AT (PACKAGE 1) (PLACE 1)) 2)
254 (OCCURS (UNLOAD (PACKAGE 1) (TRUCK 2) (PLACE 1)) 2)
255 (OCCURS (UNLOAD (PACKAGE 1) (TRUCK 1) (PLACE 1)) 2)
256 (HOLDS (IN (PACKAGE 1) (TRUCK 1)) 2)
257 (OCCURS (LOAD (PACKAGE 1) (TRUCK 1) (PLACE 3)) 2)
258 (OCCURS (LOAD (PACKAGE 1) (TRUCK 1) (PLACE 2)) 2)
259 (OCCURS (LOAD (PACKAGE 1) (TRUCK 1) (PLACE 1)) 2)
260 (HOLDS (AT (PACKAGE 2) (PLACE 1)) 2)
261 (OCCURS (UNLOAD (PACKAGE 2) (TRUCK 2) (PLACE 1)) 2)
262 (OCCURS (UNLOAD (PACKAGE 2) (TRUCK 1) (PLACE 1)) 2)
263 (HOLDS (IN (PACKAGE 2) (TRUCK 1)) 2)
264 (OCCURS (LOAD (PACKAGE 2) (TRUCK 1) (PLACE 3)) 2)
265 (OCCURS (LOAD (PACKAGE 2) (TRUCK 1) (PLACE 2)) 2)
266 (OCCURS (LOAD (PACKAGE 2) (TRUCK 1) (PLACE 1)) 2)
267 (HOLDS (AT (PACKAGE 3) (PLACE 1)) 2)
268 (OCCURS (UNLOAD (PACKAGE 3) (TRUCK 2) (PLACE 1)) 2)
269 (OCCURS (UNLOAD (PACKAGE 3) (TRUCK 1) (PLACE 1)) 2)
270 (HOLDS (IN (PACKAGE 3) (TRUCK 1)) 2)
271 (OCCURS (LOAD (PACKAGE 3) (TRUCK 1) (PLACE 3)) 2)
272 (OCCURS (LOAD (PACKAGE 3) (TRUCK 1) (PLACE 2)) 2)
273 (OCCURS (LOAD (PACKAGE 3) (TRUCK 1) (PLACE 1)) 2)
274 (HOLDS (AT (TRUCK 1) (PLACE 2)) 2)
275 (OCCURS (DRIVE (TRUCK 1) (PLACE 3) (PLACE 2)) 2)
276 (OCCURS (DRIVE (TRUCK 1) (PLACE 1) (PLACE 2)) 2)
277 (HOLDS (AT (PACKAGE 1) (PLACE 2)) 2)
278 (OCCURS (UNLOAD (PACKAGE 1) (TRUCK 2) (PLACE 2)) 2)
279 (OCCURS (UNLOAD (PACKAGE 1) (TRUCK 1) (PLACE 2)) 2)
280 (HOLDS (AT (PACKAGE 2) (PLACE 2)) 2)
281 (OCCURS (UNLOAD (PACKAGE 2) (TRUCK 2) (PLACE 2)) 2)
282 (OCCURS (UNLOAD (PACKAGE 2) (TRUCK 1) (PLACE 2)) 2)
283 (HOLDS (AT (PACKAGE 3) (PLACE 2)) 2)
284 (OCCURS (UNLOAD (PACKAGE 3) (TRUCK 2) (PLACE 2)) 2)
285 (OCCURS (UNLOAD (PACKAGE 3) (TRUCK 1) (PLACE 2)) 2)
286 (HOLDS (AT (TRUCK 1) (PLACE 3)) 2)
287 (OCCURS (DRIVE (TRUCK 1) (PLACE 2) (PLACE 3)) 2)
288 (OCCURS (DRIVE (TRUCK 1) (PLACE 1) (PLACE 3)) 2)
289 (HOLDS (AT (PACKAGE 1) (PLACE 3)) 2)
290 (OCCURS (UNLOAD (PACKAGE 1) (TRUCK 2) (PLACE 3)) 2)
291 (OCCURS (UNLOAD (PACKAGE 1) (TRUCK 1) (PLACE 3)) 2)
292 (HOLDS (AT (PACKAGE 2) (PLACE 3)) 2)
293 (OCCURS (UNLOAD (PACKAGE 2) (TRUCK 2) (PLACE 3)) 2)
294 (OCCURS (UNLOAD (PACKAGE 2) (TRUCK 1) (PLACE 3)) 2)
295 (HOLDS (AT (PACKAGE 3) (PLACE 3)) 2)
296 (OCCURS (UNLOAD (PACKAGE 3) (TRUCK 2) (PLACE 3)) 2)
297 (OCCURS (UNLOAD (PACKAGE 3) (TRUCK 1) (PLACE 3)) 2)
298 (HOLDS (AT (TRUCK 2) (PLACE 1)) 2)
299 (OCCURS (DRIVE (TRUCK 2) (PLACE 3) (PLACE 1)) 2)
300 (OCCURS (DRIVE (TRUCK 2) (PLACE 2) (PLACE 1)) 2)
301 (HOLDS (IN (PACKAGE 1) (TRUCK 2)) 2)
302 (OCCURS (LOAD (PACKAGE 1) (TRUCK 2) (PLACE 3)) 2)
303 (OCCURS (LOAD (PACKAGE 1) (TRUCK 2) (PLACE 2)) 2)
304 (OCCURS (LOAD (PACKAGE 1) (TRUCK 2) (PLACE 1)) 2)
305 (HOLDS (IN (PACKAGE 2) (TRUCK 2)) 2)
306 (OCCURS (LOAD (PACKAGE 2) (TRUCK 2) (PLACE 3)) 2)
307 (OCCURS (LOAD (PACKAGE 2) (TRUCK 2) (PLACE 2)) 2)
308 (OCCURS (LOAD (PACKAGE 2) (TRUCK 2) (PLACE 1)) 2)
309 (HOLDS (IN (PACKAGE 3) (TRUCK 2)) 2)
310 (OCCURS (LOAD (PACKAGE 3) (TRUCK 2) (PLACE 3)) 2)
311 (OCCURS (LOAD (PACKAGE 3) (TRUCK 2) (PLACE 2)) 2)
312 (OCCURS (LOAD (PACKAGE 3) (TRUCK 2) (PLACE 1)) 2)
313 (HOLDS (AT (TRUCK 2) (PLACE 2)) 2)
314 (OCCURS (DRIVE (TRUCK 2) (PLACE 3) (PLACE 2)) 2)
315 (OCCURS (DRIVE (TRUCK 2) (PLACE 1) (PLACE 2)) 2)
316 (HOLDS (AT (TRUCK 2) (PLACE 3)) 2)
317 (OCCURS (DRIVE (TRUCK 2) (PLACE 2) (PLACE 3)) 2)
318 (OCCURS (DRIVE (TRUCK 2) (PLACE 1) (PLACE 3)) 2)
319 (OCCURS (DRIVE (TRUCK 1) (PLACE 3) (PLACE 1)) 1)
320 (OCCURS (DRIVE (TRUCK 1) (PLACE 2) (PLACE 1)) 1)
321 (OCCURS (UNLOAD (PACKAGE 1) (TRUCK 2) (PLACE 1)) 1)
322 (OCCURS (UNLOAD (PACKAGE 1) (TRUCK 1) (PLACE 1)) 1)
323 (OCCURS (LOAD (PACKAGE 1) (TRUCK 1) (PLACE 3)) 1)
324 (OCCURS (LOAD (PACKAGE 1) (TRUCK 1) (PLACE 2)) 1)
325 (OCCURS (LOAD (PACKAGE 1) (TRUCK 1) (PLACE 1)) 1)
326 (OCCURS (UNLOAD (PACKAGE 2) (TRUCK 2) (PLACE 1)) 1)
327 (OCCURS (UNLOAD (PACKAGE 2) (TRUCK 1) (PLACE 1)) 1)
328 (OCCURS (LOAD (PACKAGE 2) (TRUCK 1) (PLACE 3)) 1)
329 (OCCURS (LOAD (PACKAGE 2) (TRUCK 1) (PLACE 2)) 1)
330 (OCCURS (LOAD (PACKAGE 2) (TRUCK 1) (PLACE 1)) 1)
331 (OCCURS (UNLOAD (PACKAGE 3) (TRUCK 2) (PLACE 1)) 1)
332 (OCCURS (UNLOAD (PACKAGE 3) (TRUCK 1) (PLACE 1)) 1)
333 (OCCURS (LOAD (PACKAGE 3) (TRUCK 1) (PLACE 3)) 1)
334 (OCCURS (LOAD (PACKAGE 3) (TRUCK 1) (PLACE 2)) 1)
335 (OCCURS (LOAD (PACKAGE 3) (TRUCK 1) (PLACE 1)) 1)
336 (OCCURS (DRIVE (TRUCK 1) (PLACE 3) (PLACE 2)) 1)
337 (OCCURS (DRIVE (TRUCK 1) (PLACE 1) (PLACE 2)) 1)
338 (OCCURS (UNLOAD (PACKAGE 1) (TRUCK 2) (PLACE 2)) 1)
339 (OCCURS (UNLOAD (PACKAGE 1) (TRUCK 1) (PLACE 2)) 1)
340 (OCCURS (UNLOAD (PACKAGE 2) (TRUCK 2) (PLACE 2)) 1)
341 (OCCURS (UNLOAD (PACKAGE 2) (TRUCK 1) (PLACE 2)) 1)
342 (OCCURS (UNLOAD (PACKAGE 3) (TRUCK 2) (PLACE 2)) 1)
343 (OCCURS (UNLOAD (PACKAGE 3) (TRUCK 1) (PLACE 2)) 1)
344 (OCCURS (DRIVE (TRUCK 1) (PLACE 2) (PLACE 3)) 1)
345 (OCCURS (DRIVE (TRUCK 1) (PLACE 1) (PLACE 3)) 1)
346 (OCCURS (UNLOAD (PACKAGE 1) (TRUCK 2) (PLACE 3)) 1)
347 (OCCURS (UNLOAD (PACKAGE 1) (TRUCK 1) (PLACE 3)) 1)
348 (OCCURS (UNLOAD (PACKAGE 2) (TRUCK 2) (PLACE 3)) 1)
349 (OCCURS (UNLOAD (PACKAGE 2) (TRUCK 1) (PLACE 3)) 1)
350 (OCCURS (UNLOAD (PACKAGE 3) (TRUCK 2) (PLACE 3)) 1)
351 (OCCURS (UNLOAD (PACKAGE 3) (TRUCK 1) (PLACE 3)) 1)
352 (OCCURS (DRIVE (TRUCK 2) (PLACE 3) (PLACE 1)) 1)
353 (OCCURS (DRIVE (TRUCK 2) (PLACE 2) (PLACE 1)) 1)
354 (OCCURS (LOAD (PACKAGE 1) (TRUCK 2) (PLACE 3)) 1)
355 (OCCURS (LOAD (PACKAGE 1) (TRUCK 2) (PLACE 2)) 1)
356 (OCCURS (LOAD (PACKAGE 1) (TRUCK 2) (PLACE 1)) 1)
357 (OCCURS (LOAD (PACKAGE 2) (TRUCK 2) (PLACE 3)) 1)
358 (OCCURS (LOAD (PACKAGE 2) (TRUCK 2) (PLACE 2)) 1)
359 (OCCURS (LOAD (PACKAGE 2) (TRUCK 2) (PLACE 1)) 1)
360 (OCCURS (LOAD (PACKAGE 3) (TRUCK 2) (PLACE 3)) 1)
361 (OCCURS (LOAD (PACKAGE 3) (TRUCK 2) (PLACE 2)) 1)
362 (OCCURS (LOAD (PACKAGE 3) (TRUCK 2) (PLACE 1)) 1)
363 (OCCURS (DRIVE (TRUCK 2) (PLACE 3) (PLACE 2)) 1)
364 (OCCURS (DRIVE (TRUCK 2) (PLACE 1) (PLACE 2)) 1)
365 (OCCURS (DRIVE (TRUCK 2) (PLACE 2) (PLACE 3)) 1)
366 (OCCURS (DRIVE (TRUCK 2) (PLACE 1) (PLACE 3)) 1)
